<Mappings><Entry OldName="C:\Documents and Settings\MichaliKonstantinidi\My Documents\Visual Studio 2008\Projects\OxigenIIAdvertising\OxigenIIAdvertising\OxigenIIScreenSaver\OxigenIIScreenSaver\FaderForm.Designer.cs" NewName="File0" />
<Entry OldName="C:\Documents and Settings\MichaliKonstantinidi\My Documents\Visual Studio 2008\Projects\OxigenIIAdvertising\OxigenIIAdvertising\OxigenIIScreenSaver\OxigenIIScreenSaver\FaderForm.cs" NewName="File1" />
<Entry OldName="C:\Documents and Settings\MichaliKonstantinidi\My Documents\Visual Studio 2008\Projects\OxigenIIAdvertising\OxigenIIAdvertising\OxigenIIScreenSaver\OxigenIIScreenSaver\Program.cs" NewName="File2" />
<Entry OldName="C:\Documents and Settings\MichaliKonstantinidi\My Documents\Visual Studio 2008\Projects\OxigenIIAdvertising\OxigenIIAdvertising\OxigenIIScreenSaver\OxigenIIScreenSaver\ScreenSaver.cs" NewName="File3" />
<Entry OldName="C:\Documents and Settings\MichaliKonstantinidi\My Documents\Visual Studio 2008\Projects\OxigenIIAdvertising\OxigenIIAdvertising\OxigenIIScreenSaver\OxigenIIScreenSaver\ScreenSaver.Designer.cs" NewName="File4" />
<Entry OldName="C:\Documents and Settings\MichaliKonstantinidi\My Documents\Visual Studio 2008\Projects\OxigenIIAdvertising\OxigenIIAdvertising\OxigenIIScreenSaver\OxigenIIScreenSaver\ScreenSaverMessageFilter.cs" NewName="File5" />
<Entry OldName="C:\Documents and Settings\MichaliKonstantinidi\My Documents\Visual Studio 2008\Projects\OxigenIIAdvertising\OxigenIIAdvertising\OxigenIIScreenSaver\OxigenIIScreenSaver\PreviewScreenSaver.cs" NewName="File6" />
<Entry OldName="C:\Documents and Settings\MichaliKonstantinidi\My Documents\Visual Studio 2008\Projects\OxigenIIAdvertising\OxigenIIAdvertising\OxigenIIScreenSaver\OxigenIIScreenSaver\PreviewScreenSaver.Designer.cs" NewName="File7" />
<Entry OldName="C:\Documents and Settings\MichaliKonstantinidi\My Documents\Visual Studio 2008\Projects\OxigenIIAdvertising\OxigenIIAdvertising\OxigenIIScreenSaver\OxigenIIScreenSaver\ScreensaverGuardianClient.cs" NewName="File8" />
<Entry OldName="C:\Documents and Settings\MichaliKonstantinidi\My Documents\Visual Studio 2008\Projects\OxigenIIAdvertising\OxigenIIAdvertising\OxigenIIScreenSaver\OxigenIIScreenSaver\DDFormFader.cs" NewName="File9" />
<Entry OldName="C:\Documents and Settings\MichaliKonstantinidi\My Documents\Visual Studio 2008\Projects\OxigenIIAdvertising\OxigenIIAdvertising\OxigenIIScreenSaver\OxigenIIScreenSaver\Properties\Resources.Designer.cs" NewName="File10" />
<Entry OldName="C:\Documents and Settings\MichaliKonstantinidi\My Documents\Visual Studio 2008\Projects\OxigenIIAdvertising\OxigenIIAdvertising\OxigenIIScreenSaver\OxigenIIScreenSaver\Settings.Designer.cs" NewName="File11" />
<Entry OldName="C:\Documents and Settings\MichaliKonstantinidi\My Documents\Visual Studio 2008\Projects\OxigenIIAdvertising\OxigenIIAdvertising\OxigenSU\DuplicateLibraries\User.cs" NewName="File12" />
<Entry OldName="C:\Documents and Settings\MichaliKonstantinidi\My Documents\Visual Studio 2008\Projects\OxigenIIAdvertising\OxigenIIAdvertising\OxigenSU\DuplicateLibraries\VersionParameterMessage.cs" NewName="File13" />
<Entry OldName="C:\Documents and Settings\MichaliKonstantinidi\My Documents\Visual Studio 2008\Projects\OxigenIIAdvertising\OxigenIIAdvertising\OxigenSU\DuplicateLibraries\GeneralData.cs" NewName="File14" />
<Entry OldName="C:\Documents and Settings\MichaliKonstantinidi\My Documents\Visual Studio 2008\Projects\OxigenIIAdvertising\OxigenIIAdvertising\OxigenSU\Properties\Resources.Designer.cs" NewName="File15" />
<Entry OldName="C:\Documents and Settings\MichaliKonstantinidi\My Documents\Visual Studio 2008\Projects\OxigenIIAdvertising\OxigenIIAdvertising\OxigenSU\DuplicateLibraries\SimpleErrorWrapper.cs" NewName="File16" />
<Entry OldName="C:\Documents and Settings\MichaliKonstantinidi\My Documents\Visual Studio 2008\Projects\OxigenIIAdvertising\OxigenIIAdvertising\OxigenSU\DuplicateLibraries\ProxyClientBase.cs" NewName="File17" />
<Entry OldName="C:\Documents and Settings\MichaliKonstantinidi\My Documents\Visual Studio 2008\Projects\OxigenIIAdvertising\OxigenIIAdvertising\OxigenSU\UserDataMarshallerSUClient.cs" NewName="File18" />
<Entry OldName="C:\Documents and Settings\MichaliKonstantinidi\My Documents\Visual Studio 2008\Projects\OxigenIIAdvertising\OxigenIIAdvertising\OxigenSU\UserFileMarshallerSUClient.cs" NewName="File19" />
<Entry OldName="C:\Documents and Settings\MichaliKonstantinidi\My Documents\Visual Studio 2008\Projects\OxigenIIAdvertising\OxigenIIAdvertising\OxigenSU\DuplicateLibraries\ComponentParameterMessage.cs" NewName="File20" />
<Entry OldName="C:\Documents and Settings\MichaliKonstantinidi\My Documents\Visual Studio 2008\Projects\OxigenIIAdvertising\OxigenIIAdvertising\OxigenSU\UserDataMarshallerSUStreamerClient.cs" NewName="File21" />
<Entry OldName="C:\Documents and Settings\MichaliKonstantinidi\My Documents\Visual Studio 2008\Projects\OxigenIIAdvertising\OxigenIIAdvertising\OxigenSU\DuplicateLibraries\ResponsiveServerDeterminator.cs" NewName="File22" />
<Entry OldName="C:\Documents and Settings\MichaliKonstantinidi\My Documents\Visual Studio 2008\Projects\OxigenIIAdvertising\OxigenIIAdvertising\OxigenSU\Properties\Settings.Designer.cs" NewName="File23" />
<Entry OldName="C:\Documents and Settings\MichaliKonstantinidi\My Documents\Visual Studio 2008\Projects\OxigenIIAdvertising\OxigenIIAdvertising\OxigenSU\Program.cs" NewName="File24" />
<Entry OldName="C:\Documents and Settings\MichaliKonstantinidi\My Documents\Visual Studio 2008\Projects\OxigenIIAdvertising\OxigenIIAdvertising\OxigenSU\DuplicateLibraries\ComponentInfo.cs" NewName="File25" />
<Entry OldName="C:\Documents and Settings\MichaliKonstantinidi\My Documents\Visual Studio 2008\Projects\OxigenIIAdvertising\OxigenIIAdvertising\OxigenSU\DuplicateLibraries\FileDirectoryRightsChecker.cs" NewName="File26" />
<Entry OldName="C:\Documents and Settings\MichaliKonstantinidi\My Documents\Visual Studio 2008\Projects\OxigenIIAdvertising\OxigenIIAdvertising\OxigenSU\DuplicateLibraries\Serializer.cs" NewName="File27" />
<Entry OldName="C:\Documents and Settings\MichaliKonstantinidi\My Documents\Visual Studio 2008\Projects\OxigenIIAdvertising\OxigenIIAdvertising\OxigenSU\DuplicateLibraries\SerializableDictionary.cs" NewName="File28" />
<Entry OldName="C:\Documents and Settings\MichaliKonstantinidi\My Documents\Visual Studio 2008\Projects\OxigenIIAdvertising\OxigenIIAdvertising\OxigenSU\ComponentListRetriever.cs" NewName="File29" />
<Entry OldName="C:\Documents and Settings\MichaliKonstantinidi\My Documents\Visual Studio 2008\Projects\OxigenIIAdvertising\OxigenIIAdvertising\OxigenSU\ProgressForm.cs" NewName="File30" />
<Entry OldName="C:\Documents and Settings\MichaliKonstantinidi\My Documents\Visual Studio 2008\Projects\OxigenIIAdvertising\OxigenIIAdvertising\OxigenSU\ProgressForm.Designer.cs" NewName="File31" />
<Entry OldName="C:\Documents and Settings\MichaliKonstantinidi\My Documents\Visual Studio 2008\Projects\OxigenIIAdvertising\OxigenIIAdvertising\OxigenSU\DuplicateLibraries\StreamErrorWrapper.cs" NewName="File32" />
<Entry OldName="C:\Documents and Settings\MichaliKonstantinidi\My Documents\Visual Studio 2008\Projects\OxigenIIAdvertising\OxigenIIAdvertising\OxigenSU\DuplicateLibraries\Shuffler.cs" NewName="File33" />
<Entry OldName="C:\Documents and Settings\MichaliKonstantinidi\My Documents\Visual Studio 2008\Projects\OxigenIIAdvertising\OxigenIIAdvertising\OxigenSU\DuplicateLibraries\Cryptography.cs" NewName="File34" />
<Entry OldName="C:\Documents and Settings\MichaliKonstantinidi\My Documents\Visual Studio 2008\Projects\OxigenIIAdvertising\OxigenIIAdvertising\OxigenSU\ErrorForm.cs" NewName="File35" />
<Entry OldName="C:\Documents and Settings\MichaliKonstantinidi\My Documents\Visual Studio 2008\Projects\OxigenIIAdvertising\OxigenIIAdvertising\OxigenSU\ErrorForm.Designer.cs" NewName="File36" />
<Entry OldName="C:\Documents and Settings\MichaliKonstantinidi\My Documents\Visual Studio 2008\Projects\OxigenIIAdvertising\OxigenIIAdvertising\OxigenSU\UserManagementServicesNonStreamerSUClient.cs" NewName="File37" />
<Entry OldName="C:\Documents and Settings\MichaliKonstantinidi\My Documents\Visual Studio 2008\Projects\OxigenIIAdvertising\OxigenIIAdvertising\Setup\OxigenForm.Designer.cs" NewName="File38" />
<Entry OldName="C:\Documents and Settings\MichaliKonstantinidi\My Documents\Visual Studio 2008\Projects\OxigenIIAdvertising\OxigenIIAdvertising\Setup\OxigenForm.cs" NewName="File39" />
<Entry OldName="C:\Documents and Settings\MichaliKonstantinidi\My Documents\Visual Studio 2008\Projects\OxigenIIAdvertising\OxigenIIAdvertising\Setup\SetupForm.Designer.cs" NewName="File40" />
<Entry OldName="C:\Documents and Settings\MichaliKonstantinidi\My Documents\Visual Studio 2008\Projects\OxigenIIAdvertising\OxigenIIAdvertising\Setup\SetupForm.cs" NewName="File41" />
<Entry OldName="C:\Documents and Settings\MichaliKonstantinidi\My Documents\Visual Studio 2008\Projects\OxigenIIAdvertising\OxigenIIAdvertising\Setup\RegistrationForm4.Designer.cs" NewName="File42" />
<Entry OldName="C:\Documents and Settings\MichaliKonstantinidi\My Documents\Visual Studio 2008\Projects\OxigenIIAdvertising\OxigenIIAdvertising\Setup\RegistrationForm4.cs" NewName="File43" />
<Entry OldName="C:\Documents and Settings\MichaliKonstantinidi\My Documents\Visual Studio 2008\Projects\OxigenIIAdvertising\OxigenIIAdvertising\Setup\RegistrationForm3.cs" NewName="File44" />
<Entry OldName="C:\Documents and Settings\MichaliKonstantinidi\My Documents\Visual Studio 2008\Projects\OxigenIIAdvertising\OxigenIIAdvertising\Setup\RegistrationForm3.Designer.cs" NewName="File45" />
<Entry OldName="C:\Documents and Settings\MichaliKonstantinidi\My Documents\Visual Studio 2008\Projects\OxigenIIAdvertising\OxigenIIAdvertising\Setup\RegistrationForm1.Designer.cs" NewName="File46" />
<Entry OldName="C:\Documents and Settings\MichaliKonstantinidi\My Documents\Visual Studio 2008\Projects\OxigenIIAdvertising\OxigenIIAdvertising\Setup\RegistrationForm1.cs" NewName="File47" />
<Entry OldName="C:\Documents and Settings\MichaliKonstantinidi\My Documents\Visual Studio 2008\Projects\OxigenIIAdvertising\OxigenIIAdvertising\Setup\InstallConfirm.cs" NewName="File48" />
<Entry OldName="C:\Documents and Settings\MichaliKonstantinidi\My Documents\Visual Studio 2008\Projects\OxigenIIAdvertising\OxigenIIAdvertising\Setup\InstallConfirm.Designer.cs" NewName="File49" />
<Entry OldName="C:\Documents and Settings\MichaliKonstantinidi\My Documents\Visual Studio 2008\Projects\OxigenIIAdvertising\OxigenIIAdvertising\Setup\DuplicateLibrary\Cryptography.cs" NewName="File50" />
<Entry OldName="C:\Documents and Settings\MichaliKonstantinidi\My Documents\Visual Studio 2008\Projects\OxigenIIAdvertising\OxigenIIAdvertising\Setup\CredentialsForm.Designer.cs" NewName="File51" />
<Entry OldName="C:\Documents and Settings\MichaliKonstantinidi\My Documents\Visual Studio 2008\Projects\OxigenIIAdvertising\OxigenIIAdvertising\Setup\CredentialsForm.cs" NewName="File52" />
<Entry OldName="C:\Documents and Settings\MichaliKonstantinidi\My Documents\Visual Studio 2008\Projects\OxigenIIAdvertising\OxigenIIAdvertising\Setup\UnknownProgressWaitForm.Designer.cs" NewName="File53" />
<Entry OldName="C:\Documents and Settings\MichaliKonstantinidi\My Documents\Visual Studio 2008\Projects\OxigenIIAdvertising\OxigenIIAdvertising\Setup\UnknownProgressWaitForm.cs" NewName="File54" />
<Entry OldName="C:\Documents and Settings\MichaliKonstantinidi\My Documents\Visual Studio 2008\Projects\OxigenIIAdvertising\OxigenIIAdvertising\Setup\DuplicateLibrary\GeneralData.cs" NewName="File55" />
<Entry OldName="C:\Documents and Settings\MichaliKonstantinidi\My Documents\Visual Studio 2008\Projects\OxigenIIAdvertising\OxigenIIAdvertising\Setup\DuplicateLibrary\ChannelSubscription.cs" NewName="File56" />
<Entry OldName="C:\Documents and Settings\MichaliKonstantinidi\My Documents\Visual Studio 2008\Projects\OxigenIIAdvertising\OxigenIIAdvertising\Setup\RegistrationForm2.cs" NewName="File57" />
<Entry OldName="C:\Documents and Settings\MichaliKonstantinidi\My Documents\Visual Studio 2008\Projects\OxigenIIAdvertising\OxigenIIAdvertising\Setup\RegistrationForm2.Designer.cs" NewName="File58" />
<Entry OldName="C:\Documents and Settings\MichaliKonstantinidi\My Documents\Visual Studio 2008\Projects\OxigenIIAdvertising\OxigenIIAdvertising\Setup\InstallationPathsForm.Designer.cs" NewName="File59" />
<Entry OldName="C:\Documents and Settings\MichaliKonstantinidi\My Documents\Visual Studio 2008\Projects\OxigenIIAdvertising\OxigenIIAdvertising\Setup\InstallationPathsForm.cs" NewName="File60" />
<Entry OldName="C:\Documents and Settings\MichaliKonstantinidi\My Documents\Visual Studio 2008\Projects\OxigenIIAdvertising\OxigenIIAdvertising\Setup\SetupHelper.cs" NewName="File61" />
<Entry OldName="C:\Documents and Settings\MichaliKonstantinidi\My Documents\Visual Studio 2008\Projects\OxigenIIAdvertising\OxigenIIAdvertising\Setup\Web References\UserManagementServicesLive\Reference.cs" NewName="File62" />
<Entry OldName="C:\Documents and Settings\MichaliKonstantinidi\My Documents\Visual Studio 2008\Projects\OxigenIIAdvertising\OxigenIIAdvertising\Setup\PCFormNewUser.Designer.cs" NewName="File63" />
<Entry OldName="C:\Documents and Settings\MichaliKonstantinidi\My Documents\Visual Studio 2008\Projects\OxigenIIAdvertising\OxigenIIAdvertising\Setup\PCFormNewUser.cs" NewName="File64" />
<Entry OldName="C:\Documents and Settings\MichaliKonstantinidi\My Documents\Visual Studio 2008\Projects\OxigenIIAdvertising\OxigenIIAdvertising\Setup\DuplicateLibrary\Shuffler.cs" NewName="File65" />
<Entry OldName="C:\Documents and Settings\MichaliKonstantinidi\My Documents\Visual Studio 2008\Projects\OxigenIIAdvertising\OxigenIIAdvertising\Setup\DuplicateLibrary\GenericRegistryAccess.cs" NewName="File66" />
<Entry OldName="C:\Documents and Settings\MichaliKonstantinidi\My Documents\Visual Studio 2008\Projects\OxigenIIAdvertising\OxigenIIAdvertising\Setup\Oxigen1Uninstaller.cs" NewName="File67" />
<Entry OldName="C:\Documents and Settings\MichaliKonstantinidi\My Documents\Visual Studio 2008\Projects\OxigenIIAdvertising\OxigenIIAdvertising\Setup\AppDataSingleton.cs" NewName="File68" />
<Entry OldName="C:\Documents and Settings\MichaliKonstantinidi\My Documents\Visual Studio 2008\Projects\OxigenIIAdvertising\OxigenIIAdvertising\Setup\Program.cs" NewName="File69" />
<Entry OldName="C:\Documents and Settings\MichaliKonstantinidi\My Documents\Visual Studio 2008\Projects\OxigenIIAdvertising\OxigenIIAdvertising\Setup\ExistingUserPromptForm.cs" NewName="File70" />
<Entry OldName="C:\Documents and Settings\MichaliKonstantinidi\My Documents\Visual Studio 2008\Projects\OxigenIIAdvertising\OxigenIIAdvertising\Setup\ExistingUserPromptForm.Designer.cs" NewName="File71" />
<Entry OldName="C:\Documents and Settings\MichaliKonstantinidi\My Documents\Visual Studio 2008\Projects\OxigenIIAdvertising\OxigenIIAdvertising\Setup\WindowsController.cs" NewName="File72" />
<Entry OldName="C:\Documents and Settings\MichaliKonstantinidi\My Documents\Visual Studio 2008\Projects\OxigenIIAdvertising\OxigenIIAdvertising\Setup\UnknownUserProgressWaitForm.cs" NewName="File73" />
<Entry OldName="C:\Documents and Settings\MichaliKonstantinidi\My Documents\Visual Studio 2008\Projects\OxigenIIAdvertising\OxigenIIAdvertising\Setup\UnknownUserProgressWaitForm.Designer.cs" NewName="File74" />
<Entry OldName="C:\Documents and Settings\MichaliKonstantinidi\My Documents\Visual Studio 2008\Projects\OxigenIIAdvertising\OxigenIIAdvertising\Setup\SubscriptionsUpdatedForm.Designer.cs" NewName="File75" />
<Entry OldName="C:\Documents and Settings\MichaliKonstantinidi\My Documents\Visual Studio 2008\Projects\OxigenIIAdvertising\OxigenIIAdvertising\Setup\SubscriptionsUpdatedForm.cs" NewName="File76" />
<Entry OldName="C:\Documents and Settings\MichaliKonstantinidi\My Documents\Visual Studio 2008\Projects\OxigenIIAdvertising\OxigenIIAdvertising\Setup\UninstallProgressForm.cs" NewName="File77" />
<Entry OldName="C:\Documents and Settings\MichaliKonstantinidi\My Documents\Visual Studio 2008\Projects\OxigenIIAdvertising\OxigenIIAdvertising\Setup\UninstallProgressForm.Designer.cs" NewName="File78" />
<Entry OldName="C:\Documents and Settings\MichaliKonstantinidi\My Documents\Visual Studio 2008\Projects\OxigenIIAdvertising\OxigenIIAdvertising\Setup\TermsAndConditionsForm.cs" NewName="File79" />
<Entry OldName="C:\Documents and Settings\MichaliKonstantinidi\My Documents\Visual Studio 2008\Projects\OxigenIIAdvertising\OxigenIIAdvertising\Setup\TermsAndConditionsForm.Designer.cs" NewName="File80" />
<Entry OldName="C:\Documents and Settings\MichaliKonstantinidi\My Documents\Visual Studio 2008\Projects\OxigenIIAdvertising\OxigenIIAdvertising\Setup\PrerequisitesForm.Designer.cs" NewName="File81" />
<Entry OldName="C:\Documents and Settings\MichaliKonstantinidi\My Documents\Visual Studio 2008\Projects\OxigenIIAdvertising\OxigenIIAdvertising\Setup\PrerequisitesForm.cs" NewName="File82" />
<Entry OldName="C:\Documents and Settings\MichaliKonstantinidi\My Documents\Visual Studio 2008\Projects\OxigenIIAdvertising\OxigenIIAdvertising\Setup\InstallComplete.Designer.cs" NewName="File83" />
<Entry OldName="C:\Documents and Settings\MichaliKonstantinidi\My Documents\Visual Studio 2008\Projects\OxigenIIAdvertising\OxigenIIAdvertising\Setup\InstallComplete.cs" NewName="File84" />
<Entry OldName="C:\Documents and Settings\MichaliKonstantinidi\My Documents\Visual Studio 2008\Projects\OxigenIIAdvertising\OxigenIIAdvertising\Setup\RemoteServiceException.cs" NewName="File85" />
<Entry OldName="C:\Documents and Settings\MichaliKonstantinidi\My Documents\Visual Studio 2008\Projects\OxigenIIAdvertising\OxigenIIAdvertising\Setup\DuplicateLibrary\ChannelSubscriptions.cs" NewName="File86" />
<Entry OldName="C:\Documents and Settings\MichaliKonstantinidi\My Documents\Visual Studio 2008\Projects\OxigenIIAdvertising\OxigenIIAdvertising\Setup\CredentialsRemindForm.Designer.cs" NewName="File87" />
<Entry OldName="C:\Documents and Settings\MichaliKonstantinidi\My Documents\Visual Studio 2008\Projects\OxigenIIAdvertising\OxigenIIAdvertising\Setup\CredentialsRemindForm.cs" NewName="File88" />
<Entry OldName="C:\Documents and Settings\MichaliKonstantinidi\My Documents\Visual Studio 2008\Projects\OxigenIIAdvertising\OxigenIIAdvertising\Setup\UninstallPromptForm.cs" NewName="File89" />
<Entry OldName="C:\Documents and Settings\MichaliKonstantinidi\My Documents\Visual Studio 2008\Projects\OxigenIIAdvertising\OxigenIIAdvertising\Setup\UninstallPromptForm.Designer.cs" NewName="File90" />
<Entry OldName="C:\Documents and Settings\MichaliKonstantinidi\My Documents\Visual Studio 2008\Projects\OxigenIIAdvertising\OxigenIIAdvertising\Setup\UninstallComplete.Designer.cs" NewName="File91" />
<Entry OldName="C:\Documents and Settings\MichaliKonstantinidi\My Documents\Visual Studio 2008\Projects\OxigenIIAdvertising\OxigenIIAdvertising\Setup\UninstallComplete.cs" NewName="File92" />
<Entry OldName="C:\Documents and Settings\MichaliKonstantinidi\My Documents\Visual Studio 2008\Projects\OxigenIIAdvertising\OxigenIIAdvertising\Setup\OxigenExistsForm.cs" NewName="File93" />
<Entry OldName="C:\Documents and Settings\MichaliKonstantinidi\My Documents\Visual Studio 2008\Projects\OxigenIIAdvertising\OxigenIIAdvertising\Setup\OxigenExistsForm.Designer.cs" NewName="File94" />
<Entry OldName="C:\Documents and Settings\MichaliKonstantinidi\My Documents\Visual Studio 2008\Projects\OxigenIIAdvertising\OxigenIIAdvertising\Setup\InstallationProgressForm.Designer.cs" NewName="File95" />
<Entry OldName="C:\Documents and Settings\MichaliKonstantinidi\My Documents\Visual Studio 2008\Projects\OxigenIIAdvertising\OxigenIIAdvertising\Setup\InstallationProgressForm.cs" NewName="File96" />
<Entry OldName="C:\Documents and Settings\MichaliKonstantinidi\My Documents\Visual Studio 2008\Projects\OxigenIIAdvertising\OxigenIIAdvertising\Setup\OlderOxigenExistsForm.Designer.cs" NewName="File97" />
<Entry OldName="C:\Documents and Settings\MichaliKonstantinidi\My Documents\Visual Studio 2008\Projects\OxigenIIAdvertising\OxigenIIAdvertising\Setup\OlderOxigenExistsForm.cs" NewName="File98" />
<Entry OldName="C:\Documents and Settings\MichaliKonstantinidi\My Documents\Visual Studio 2008\Projects\OxigenIIAdvertising\OxigenIIAdvertising\Setup\Wow.cs" NewName="File99" />
<Entry OldName="C:\Documents and Settings\MichaliKonstantinidi\My Documents\Visual Studio 2008\Projects\OxigenIIAdvertising\OxigenIIAdvertising\Setup\WelcomeForm.cs" NewName="File100" />
<Entry OldName="C:\Documents and Settings\MichaliKonstantinidi\My Documents\Visual Studio 2008\Projects\OxigenIIAdvertising\OxigenIIAdvertising\Setup\WelcomeForm.Designer.cs" NewName="File101" />
<Entry OldName="C:\Documents and Settings\MichaliKonstantinidi\My Documents\Visual Studio 2008\Projects\OxigenIIAdvertising\OxigenIIAdvertising\Setup\PcFormExistingUser.cs" NewName="File102" />
<Entry OldName="C:\Documents and Settings\MichaliKonstantinidi\My Documents\Visual Studio 2008\Projects\OxigenIIAdvertising\OxigenIIAdvertising\Setup\PcFormExistingUser.Designer.cs" NewName="File103" />
<Entry OldName="C:\Documents and Settings\MichaliKonstantinidi\My Documents\Visual Studio 2008\Projects\OxigenIIAdvertising\OxigenIIAdvertising\Setup\DuplicateLibrary\Logger.cs" NewName="File104" />
<Entry OldName="C:\Documents and Settings\MichaliKonstantinidi\My Documents\Visual Studio 2008\Projects\OxigenIIAdvertising\OxigenIIAdvertising\Setup\Properties\Settings.Designer.cs" NewName="File105" />
<Entry OldName="C:\Documents and Settings\MichaliKonstantinidi\My Documents\Visual Studio 2008\Projects\OxigenIIAdvertising\OxigenIIAdvertising\Setup\UninstallOldOxigenWaitForm.Designer.cs" NewName="File106" />
<Entry OldName="C:\Documents and Settings\MichaliKonstantinidi\My Documents\Visual Studio 2008\Projects\OxigenIIAdvertising\OxigenIIAdvertising\Setup\UninstallOldOxigenWaitForm.cs" NewName="File107" />
<Entry OldName="C:\Documents and Settings\MichaliKonstantinidi\My Documents\Visual Studio 2008\Projects\OxigenIIAdvertising\OxigenIIAdvertising\Setup\MergeChannelsForm.Designer.cs" NewName="File108" />
<Entry OldName="C:\Documents and Settings\MichaliKonstantinidi\My Documents\Visual Studio 2008\Projects\OxigenIIAdvertising\OxigenIIAdvertising\Setup\MergeChannelsForm.cs" NewName="File109" />
<Entry OldName="C:\Documents and Settings\MichaliKonstantinidi\My Documents\Visual Studio 2008\Projects\OxigenIIAdvertising\OxigenIIAdvertising\Setup\Properties\Resources.Designer.cs" NewName="File110" />
<Entry OldName="C:\Documents and Settings\MichaliKonstantinidi\My Documents\Visual Studio 2008\Projects\OxigenIIAdvertising\OxigenIIAdvertising\Setup\DuplicateLibrary\Serializer.cs" NewName="File111" />
<Entry OldName="C:\Documents and Settings\MichaliKonstantinidi\My Documents\Visual Studio 2008\Projects\OxigenIIAdvertising\OxigenIIAdvertising\Setup\DuplicateLibrary\User.cs" NewName="File112" />
<Entry OldName="C:\Documents and Settings\MichaliKonstantinidi\My Documents\Visual Studio 2008\Projects\OxigenIIAdvertising\OxigenIIAdvertising\Setup\Screensaver.cs" NewName="File113" />
<Entry OldName="C:\Documents and Settings\MichaliKonstantinidi\My Documents\Visual Studio 2008\Projects\OxigenIIAdvertising\OxigenIIAdvertising\Setup\DuplicateLibrary\SerializableDictionary.cs" NewName="File114" />
<Entry OldName="C:\Documents and Settings\MichaliKonstantinidi\My Documents\Visual Studio 2008\Projects\OxigenIIAdvertising\OxigenIIAdvertising\Setup\UpdateExistingUserDetailsForm.cs" NewName="File115" />
<Entry OldName="C:\Documents and Settings\MichaliKonstantinidi\My Documents\Visual Studio 2008\Projects\OxigenIIAdvertising\OxigenIIAdvertising\Setup\UpdateExistingUserDetailsForm.Designer.cs" NewName="File116" />
<Entry OldName="C:\Documents and Settings\MichaliKonstantinidi\My Documents\Visual Studio 2008\Projects\OxigenIIAdvertising\OxigenIIAdvertising\Setup\DuplicateLibrary\ResponsiveServerDeterminator.cs" NewName="File117" />
<Entry OldName="C:\Documents and Settings\MichaliKonstantinidi\My Documents\Visual Studio 2008\Projects\OxigenIIAdvertising\OxigenIIAdvertising\Setup\ErrorForm.cs" NewName="File118" />
<Entry OldName="C:\Documents and Settings\MichaliKonstantinidi\My Documents\Visual Studio 2008\Projects\OxigenIIAdvertising\OxigenIIAdvertising\Setup\ErrorForm.Designer.cs" NewName="File119" />
<Entry OldName="C:\Documents and Settings\MichaliKonstantinidi\My Documents\Visual Studio 2008\Projects\OxigenIIAdvertising\OxigenIIAdvertising\Setup\RepairConfirm.cs" NewName="File120" />
<Entry OldName="C:\Documents and Settings\MichaliKonstantinidi\My Documents\Visual Studio 2008\Projects\OxigenIIAdvertising\OxigenIIAdvertising\Setup\RepairConfirm.Designer.cs" NewName="File121" />
<Entry OldName="C:\Documents and Settings\MichaliKonstantinidi\My Documents\Visual Studio 2008\Projects\OxigenIIAdvertising\OxigenIIAdvertising\OxigenIIPlaylistMaker\PlaylistMaker.cs" NewName="File122" />
<Entry OldName="C:\Documents and Settings\MichaliKonstantinidi\My Documents\Visual Studio 2008\Projects\OxigenIIAdvertising\OxigenIIAdvertising\OxigenIIContentExchanger\SafeModeForm.Designer.cs" NewName="File123" />
<Entry OldName="C:\Documents and Settings\MichaliKonstantinidi\My Documents\Visual Studio 2008\Projects\OxigenIIAdvertising\OxigenIIAdvertising\OxigenIIContentExchanger\SafeModeForm.cs" NewName="File124" />
<Entry OldName="C:\Documents and Settings\MichaliKonstantinidi\My Documents\Visual Studio 2008\Projects\OxigenIIAdvertising\OxigenIIAdvertising\OxigenIIContentExchanger\Program.cs" NewName="File125" />
<Entry OldName="C:\Documents and Settings\MichaliKonstantinidi\My Documents\Visual Studio 2008\Projects\OxigenIIAdvertising\OxigenIIAdvertising\OxigenIIContentExchanger\CELog.cs" NewName="File126" />
<Entry OldName="C:\Documents and Settings\MichaliKonstantinidi\My Documents\Visual Studio 2008\Projects\OxigenIIAdvertising\OxigenIIAdvertising\OxigenIIContentExchanger\VerboseRunForm.cs" NewName="File127" />
<Entry OldName="C:\Documents and Settings\MichaliKonstantinidi\My Documents\Visual Studio 2008\Projects\OxigenIIAdvertising\OxigenIIAdvertising\OxigenIIContentExchanger\VerboseRunForm.Designer.cs" NewName="File128" />
<Entry OldName="C:\Documents and Settings\MichaliKonstantinidi\My Documents\Visual Studio 2008\Projects\OxigenIIAdvertising\OxigenIIAdvertising\OxigenIIContentExchanger\Exchanger.cs" NewName="File129" />
<Entry OldName="C:\Documents and Settings\MichaliKonstantinidi\My Documents\Visual Studio 2008\Projects\OxigenIIAdvertising\OxigenIIAdvertising\OxigenIIContentExchanger\Settings.Designer.cs" NewName="File130" />
<Entry OldName="C:\Documents and Settings\MichaliKonstantinidi\My Documents\Visual Studio 2008\Projects\OxigenIIAdvertising\OxigenIIAdvertising\OxigenIIContentExchanger\ExchangeStatus.cs" NewName="File131" />
<Entry OldName="C:\Documents and Settings\MichaliKonstantinidi\My Documents\Visual Studio 2008\Projects\OxigenIIAdvertising\OxigenIIAdvertising\OxigenIIContentExchanger\Properties\Resources.Designer.cs" NewName="File132" />
<Entry OldName="C:\Documents and Settings\MichaliKonstantinidi\My Documents\Visual Studio 2008\Projects\OxigenIIAdvertising\OxigenIIAdvertising\OxigenIIContentExchanger\Settings.cs" NewName="File133" />
<Entry OldName="C:\Documents and Settings\MichaliKonstantinidi\My Documents\Visual Studio 2008\Projects\OxigenIIAdvertising\OxigenIIAdvertising\OxigenIIScreenSaverConfig\Properties\Resources.Designer.cs" NewName="File134" />
<Entry OldName="C:\Documents and Settings\MichaliKonstantinidi\My Documents\Visual Studio 2008\Projects\OxigenIIAdvertising\OxigenIIAdvertising\OxigenIIScreenSaverConfig\Program.cs" NewName="File135" />
<Entry OldName="C:\Documents and Settings\MichaliKonstantinidi\My Documents\Visual Studio 2008\Projects\OxigenIIAdvertising\OxigenIIAdvertising\OxigenIIScreenSaverConfig\Properties\Settings.Designer.cs" NewName="File136" />
<Entry OldName="C:\Documents and Settings\MichaliKonstantinidi\My Documents\Visual Studio 2008\Projects\OxigenIIAdvertising\OxigenIIAdvertising\OxigenIIScreenSaverConfig\ScreenSaverConfigForm.cs" NewName="File137" />
<Entry OldName="C:\Documents and Settings\MichaliKonstantinidi\My Documents\Visual Studio 2008\Projects\OxigenIIAdvertising\OxigenIIAdvertising\OxigenIIScreenSaverConfig\ScreenSaverConfigForm.Designer.cs" NewName="File138" />
<Entry OldName="C:\Documents and Settings\MichaliKonstantinidi\My Documents\Visual Studio 2008\Projects\OxigenIIAdvertising\OxigenIIAdvertising\OxigenIIScreenSaverConfig\CELog.cs" NewName="File139" />
<Entry OldName="C:\Documents and Settings\MichaliKonstantinidi\My Documents\Visual Studio 2008\Projects\OxigenIIAdvertising\OxigenIIAdvertising\OxigenIILogExchanger\LogFlattener.cs" NewName="File140" />
<Entry OldName="C:\Documents and Settings\MichaliKonstantinidi\My Documents\Visual Studio 2008\Projects\OxigenIIAdvertising\OxigenIIAdvertising\OxigenIILogExchanger\Properties\Settings.Designer.cs" NewName="File141" />
<Entry OldName="C:\Documents and Settings\MichaliKonstantinidi\My Documents\Visual Studio 2008\Projects\OxigenIIAdvertising\OxigenIIAdvertising\OxigenIILogExchanger\Program.cs" NewName="File142" />
<Entry OldName="C:\Documents and Settings\MichaliKonstantinidi\My Documents\Visual Studio 2008\Projects\OxigenIIAdvertising\OxigenIIAdvertising\OxigenIILogExchanger\Properties\Resources.Designer.cs" NewName="File143" />
<Entry OldName="C:\Documents and Settings\MichaliKonstantinidi\My Documents\Visual Studio 2008\Projects\OxigenIIAdvertising\OxigenIIAdvertising\OxigenIILogExchanger\Exchanger.cs" NewName="File144" />
<Entry OldName="C:\Documents and Settings\MichaliKonstantinidi\My Documents\Visual Studio 2008\Projects\OxigenIIAdvertising\OxigenIIAdvertising\OxigenService\Program.cs" NewName="File145" />
<Entry OldName="C:\Documents and Settings\MichaliKonstantinidi\My Documents\Visual Studio 2008\Projects\OxigenIIAdvertising\OxigenIIAdvertising\OxigenService\ScreensaverGuardianComm.cs" NewName="File146" />
<Entry OldName="C:\Documents and Settings\MichaliKonstantinidi\My Documents\Visual Studio 2008\Projects\OxigenIIAdvertising\OxigenIIAdvertising\OxigenService\Properties\Settings.Designer.cs" NewName="File147" />
<Entry OldName="C:\Documents and Settings\MichaliKonstantinidi\My Documents\Visual Studio 2008\Projects\OxigenIIAdvertising\OxigenIIAdvertising\OxigenService\ServiceOperations.cs" NewName="File148" />
<Entry OldName="C:\Documents and Settings\MichaliKonstantinidi\My Documents\Visual Studio 2008\Projects\OxigenIIAdvertising\OxigenIIAdvertising\OxigenService\Properties\Resources.Designer.cs" NewName="File149" />
</Mappings>